C51 COMPILER V9.60.7.0   STOCK                                                             05/21/2026 21:25:19 PAGE 1   


C51 COMPILER V9.60.7.0, COMPILATION OF MODULE STOCK
OBJECT MODULE PLACED IN .\Objects\stock.obj
COMPILER INVOKED BY: C:\Keil_v5\C51\BIN\C51.EXE stock.c OPTIMIZE(8,SPEED) BROWSE DEBUG OBJECTEXTEND PRINT(.\Listings\sto
                    -ck.lst) TABS(2) OBJECT(.\Objects\stock.obj)

line level    source

   1          #include <reg52.h>
   2          
   3          // ==========================================================
   4          // DEFINIÇÕES DE PINOS
   5          // ==========================================================
   6          #define GlcdDataBus P3
   7          sbit RS  = P2^0;
   8          sbit RW  = P2^1;
   9          sbit EN  = P2^2;
  10          sbit PSB = P2^3;
  11          sbit RST = P2^5;
  12          
  13          // ==========================================================
  14          // PROTÓTIPOS
  15          // ==========================================================
  16          void DelayUs(unsigned int us);
  17          void DelayMs(unsigned int ms);
  18          void WriteCmdLcd(unsigned char cmd);
  19          void WriteDataLcd(unsigned char dat);
  20          void GLCD_Init(void);
  21          void Draw_Track(void);
  22          void Draw_Sprite(unsigned char screen_y, unsigned char screen_x, unsigned char scroll_offset);
  23          void Hybrid_Scroll_Two_Sprites(void);
  24          
  25          // ==========================================================
  26          // DELAYS
  27          // ==========================================================
  28          void DelayUs(unsigned int us) {
  29   1          unsigned int i;
  30   1          while(us--) {
  31   2              for(i = 0; i < 2; i++);
  32   2          }
  33   1      }
  34          
  35          void DelayMs(unsigned int ms) {
  36   1          unsigned int i, j;
  37   1          for(j = 0; j < ms; j++) {
  38   2              for(i = 0; i < 114; i++);
  39   2          }
  40   1      }
  41          
  42          // ==========================================================
  43          // COMUNICAÇÃO RÁPIDA
  44          // ==========================================================
  45          void WriteCmdLcd(unsigned char cmd) {
  46   1          RS = 0;
  47   1          RW = 0;
  48   1          GlcdDataBus = cmd;
  49   1          EN = 1;
  50   1          DelayUs(2);
  51   1          EN = 0;
  52   1          DelayUs(30);
  53   1      }
  54          
C51 COMPILER V9.60.7.0   STOCK                                                             05/21/2026 21:25:19 PAGE 2   

  55          void WriteDataLcd(unsigned char dat) {
  56   1          RS = 1;
  57   1          RW = 0;
  58   1          GlcdDataBus = dat;
  59   1          EN = 1;
  60   1          DelayUs(2);
  61   1          EN = 0;
  62   1          DelayUs(10);
  63   1      }
  64          
  65          // ==========================================================
  66          // INICIALIZAÇÃO
  67          // ==========================================================
  68          void GLCD_Init() {
  69   1          PSB = 1;
  70   1          RST = 0; DelayMs(50);
  71   1          RST = 1; DelayMs(50);
  72   1          
  73   1          WriteCmdLcd(0x30); DelayMs(5);
  74   1          WriteCmdLcd(0x30); DelayMs(5);
  75   1          WriteCmdLcd(0x0C); DelayMs(2);
  76   1          WriteCmdLcd(0x01); DelayMs(20);
  77   1          WriteCmdLcd(0x06); DelayMs(2);
  78   1      }
  79          
  80          // ==========================================================
  81          // DESENHA PISTA NA GDRAM
  82          // ==========================================================
  83          void Draw_Track() {
  84   1          unsigned char y;
  85   1          
  86   1          WriteCmdLcd(0x34);
  87   1          WriteCmdLcd(0x36);
  88   1          
  89   1          for(y = 0; y < 64; y++) {
  90   2              unsigned char dash_pattern = ((y % 8) < 4) ? 0xFF : 0x00;
  91   2              
  92   2              // Metade esquerda
  93   2              WriteCmdLcd(0x80 | y);
  94   2              WriteCmdLcd(0x80);
  95   2              WriteDataLcd(0xFF); WriteDataLcd(0x00);  // X=0
  96   2              WriteDataLcd(0x00); WriteDataLcd(0x00);  // X=1
  97   2              WriteDataLcd(0x00); WriteDataLcd(0x00);  // X=2
  98   2              WriteDataLcd(dash_pattern); WriteDataLcd(dash_pattern);  // X=3
  99   2              WriteDataLcd(dash_pattern); WriteDataLcd(dash_pattern);  // X=4
 100   2              WriteDataLcd(0x00); WriteDataLcd(0x00);  // X=5
 101   2              WriteDataLcd(0x00); WriteDataLcd(0x00);  // X=6
 102   2              WriteDataLcd(0x00); WriteDataLcd(0xFF);  // X=7
 103   2              
 104   2              // Metade direita
 105   2              WriteCmdLcd(0x80 | y);
 106   2              WriteCmdLcd(0x88);
 107   2              WriteDataLcd(0xFF); WriteDataLcd(0x00);  // X=8
 108   2              WriteDataLcd(0x00); WriteDataLcd(0x00);  // X=9
 109   2              WriteDataLcd(0x00); WriteDataLcd(0x00);  // X=10
 110   2              WriteDataLcd(dash_pattern); WriteDataLcd(dash_pattern);  // X=11
 111   2              WriteDataLcd(dash_pattern); WriteDataLcd(dash_pattern);  // X=12
 112   2              WriteDataLcd(0x00); WriteDataLcd(0x00);  // X=13
 113   2              WriteDataLcd(0x00); WriteDataLcd(0x00);  // X=14
 114   2              WriteDataLcd(0x00); WriteDataLcd(0xFF);  // X=15
 115   2          }
 116   1          
C51 COMPILER V9.60.7.0   STOCK                                                             05/21/2026 21:25:19 PAGE 3   

 117   1          WriteCmdLcd(0x30);
 118   1      }
 119          
 120          // ==========================================================
 121          // SPRITE DO CARRO (16x16 pixels)
 122          // ==========================================================
 123          void Draw_Sprite(unsigned char screen_y, unsigned char screen_x, unsigned char scroll_offset) {
 124   1          unsigned char gdram_y = (screen_y + scroll_offset) & 0x3F;
 125   1          
 126   1          // Carro esportivo (16x16)
 127   1          unsigned char code car_sprite[] = {
 128   1              0x00, 0x00,  // Linha 0
 129   1              0x07, 0xE0,  // Linha 1:    ******
 130   1              0x0F, 0xF0,  // Linha 2:   ********
 131   1              0x19, 0x98,  // Linha 3:  **  **  **
 132   1              0x10, 0x08,  // Linha 4:  *        *
 133   1              0x13, 0xC8,  // Linha 5:  *  ****  *
 134   1              0x1F, 0xF8,  // Linha 6:   **********
 135   1              0x1F, 0xF8,  // Linha 7:   **********
 136   1              0x1F, 0xF8,  // Linha 8:   **********
 137   1              0x0F, 0xF0,  // Linha 9:    ********
 138   1              0x09, 0x90,  // Linha 10:   *  *  *
 139   1              0x09, 0x90,  // Linha 11:   *  *  *
 140   1              0x09, 0x90,  // Linha 12:   *  *  *
 141   1              0x06, 0x60,  // Linha 13:    **  **
 142   1              0x00, 0x00,  // Linha 14
 143   1              0x00, 0x00   // Linha 15
 144   1          };
 145   1          
 146   1          unsigned char i;
 147   1          unsigned char byte_x;
 148   1          
 149   1          WriteCmdLcd(0x34);
 150   1          WriteCmdLcd(0x36);
 151   1          
 152   1          for(i = 0; i < 16; i++) {
 153   2              unsigned char current_y = (gdram_y + i) & 0x3F;
 154   2              
 155   2              // Desenha na metade esquerda (X=0-7)
 156   2              if(screen_x < 8) {
 157   3                  byte_x = screen_x;
 158   3                  WriteCmdLcd(0x80 | current_y);
 159   3                  WriteCmdLcd(0x80 | byte_x);
 160   3                  WriteDataLcd(car_sprite[i*2]);
 161   3                  WriteDataLcd(car_sprite[i*2 + 1]);
 162   3              }
 163   2              
 164   2              // Desenha na metade direita (X=8-15)
 165   2              if(screen_x >= 8) {
 166   3                  byte_x = screen_x & 0x07;  // Converte para 0-7
 167   3                  WriteCmdLcd(0x80 | current_y);
 168   3                  WriteCmdLcd(0x88 | byte_x);  // 0x88 = 8 (metade direita)
 169   3                  WriteDataLcd(car_sprite[i*2]);
 170   3                  WriteDataLcd(car_sprite[i*2 + 1]);
 171   3              }
 172   2          }
 173   1          
 174   1          WriteCmdLcd(0x30);
 175   1      }
 176          
 177          // ==========================================================
 178          // LIMPA SPRITE (redesenha pista por baixo)
C51 COMPILER V9.60.7.0   STOCK                                                             05/21/2026 21:25:19 PAGE 4   

 179          // ==========================================================
 180          void Clear_Sprite(unsigned char screen_y, unsigned char screen_x, unsigned char scroll_offset) {
 181   1          unsigned char gdram_y = (screen_y + scroll_offset) & 0x3F;
 182   1          unsigned char i, byte_x;
 183   1          
 184   1          WriteCmdLcd(0x34);
 185   1          WriteCmdLcd(0x36);
 186   1          
 187   1          for(i = 0; i < 16; i++) {
 188   2              unsigned char current_y = (gdram_y + i) & 0x3F;
 189   2              unsigned char dash_pattern = ((current_y % 8) < 4) ? 0xFF : 0x00;
 190   2              
 191   2              // Metade esquerda
 192   2              if(screen_x < 8) {
 193   3                  byte_x = screen_x;
 194   3                  WriteCmdLcd(0x80 | current_y);
 195   3                  WriteCmdLcd(0x80 | byte_x);
 196   3                  
 197   3                  // Redesenha a pista normal
 198   3                  if(byte_x == 0) {
 199   4                      WriteDataLcd(0xFF); WriteDataLcd(0x00);  // Borda
 200   4                  } else if(byte_x >= 3 && byte_x <= 4) {
 201   4                      WriteDataLcd(dash_pattern); WriteDataLcd(dash_pattern);  // Tracejado
 202   4                  } else {
 203   4                      WriteDataLcd(0x00); WriteDataLcd(0x00);  // Vazio
 204   4                  }
 205   3              }
 206   2              
 207   2              // Metade direita
 208   2              if(screen_x >= 8) {
 209   3                  byte_x = screen_x & 0x07;
 210   3                  WriteCmdLcd(0x80 | current_y);
 211   3                  WriteCmdLcd(0x88 | byte_x);
 212   3                  
 213   3                  if(byte_x == 0) {
 214   4                      WriteDataLcd(0xFF); WriteDataLcd(0x00);  // Borda
 215   4                  } else if(byte_x >= 3 && byte_x <= 4) {
 216   4                      WriteDataLcd(dash_pattern); WriteDataLcd(dash_pattern);  // Tracejado
 217   4                  } else {
 218   4                      WriteDataLcd(0x00); WriteDataLcd(0x00);  // Vazio
 219   4                  }
 220   3              }
 221   2          }
 222   1          
 223   1          WriteCmdLcd(0x30);
 224   1      }
 225          
 226          // ==========================================================
 227          // SCROLL HÍBRIDO COM DOIS SPRITES
 228          // ==========================================================
 229          void Hybrid_Scroll_Two_Sprites(void) {
 230   1          unsigned char scroll_addr = 0;
 231   1          unsigned char enemy_y = 0;  // Inimigo começa no topo
 232   1          
 233   1          // Jogador: FIXO na tela (lado direito, meio)
 234   1          unsigned char player_screen_y = 12;   // Posição Y fixa na tela
 235   1          unsigned char player_screen_x = 10;   // Lado direito (X=10)
 236   1          
 237   1          // Inimigo: MÓVEL descendo (lado esquerdo)
 238   1          unsigned char enemy_screen_x = 1;     // Lado esquerdo (X=1)
 239   1          unsigned char enemy_screen_y = 0;     // Posição Y atual na tela
 240   1          unsigned char enemy_prev_y = 0;       // Posição Y anterior
C51 COMPILER V9.60.7.0   STOCK                                                             05/21/2026 21:25:19 PAGE 5   

 241   1          
 242   1          WriteCmdLcd(0x34);
 243   1          WriteCmdLcd(0x36);
 244   1          WriteCmdLcd(0x03);  // Habilita scroll
 245   1          
 246   1          // Desenha sprites iniciais
 247   1          Draw_Sprite(player_screen_y, player_screen_x, scroll_addr);
 248   1          Draw_Sprite(enemy_screen_y, enemy_screen_x, scroll_addr);
 249   1          
 250   1          while(1) {
 251   2              // PASSO 1: Scroll (instantâneo)
 252   2              scroll_addr++;
 253   2              WriteCmdLcd(0x40 | scroll_addr);
 254   2              
 255   2              // PASSO 2: Pequena pausa para estabilizar
 256   2              DelayUs(100);
 257   2              
 258   2              // PASSO 3: Jogador FIXO - Limpa e redesenha na mesma posição
 259   2              Clear_Sprite(player_screen_y, player_screen_x, (scroll_addr - 1) & 0x3F);
 260   2              Draw_Sprite(player_screen_y, player_screen_x, scroll_addr);
 261   2              
 262   2              // PASSO 4: Inimigo MÓVEL - Desce um pixel
 263   2              enemy_prev_y = enemy_screen_y;
 264   2              enemy_screen_y++;
 265   2              
 266   2              // Se inimigo saiu da tela, volta ao topo
 267   2              if(enemy_screen_y >= 32) {
 268   3                  enemy_screen_y = 0;
 269   3              }
 270   2              
 271   2              // Limpa inimigo na posição antiga
 272   2              Clear_Sprite(enemy_prev_y, enemy_screen_x, scroll_addr);
 273   2              
 274   2              // Desenha inimigo na nova posição
 275   2              Draw_Sprite(enemy_screen_y, enemy_screen_x, scroll_addr);
 276   2              
 277   2              // PASSO 5: Delay para controle de velocidade
 278   2              DelayMs(80);  // Velocidade do jogo (scroll + movimento inimigo)
 279   2          }
 280   1      }
 281          
 282          // ==========================================================
 283          // VERSÃO COM INIMIGO MAIS RÁPIDO/DEVAGAR
 284          // ==========================================================
 285          void Hybrid_Scroll_VariableSpeed(void) {
 286   1          unsigned char scroll_addr = 0;
 287   1          unsigned char frame_count = 0;
 288   1          
 289   1          // Jogador fixo (direita)
 290   1          unsigned char player_y = 12, player_x = 10;
 291   1          
 292   1          // Inimigo móvel (esquerda)
 293   1          unsigned char enemy_y = 0, enemy_x = 1;
 294   1          unsigned char enemy_prev_y = 0;
 295   1          unsigned char enemy_speed = 2;  // Move a cada 2 frames
 296   1          
 297   1          WriteCmdLcd(0x34);
 298   1          WriteCmdLcd(0x36);
 299   1          WriteCmdLcd(0x03);
 300   1          
 301   1          Draw_Sprite(player_y, player_x, scroll_addr);
 302   1          Draw_Sprite(enemy_y, enemy_x, scroll_addr);
C51 COMPILER V9.60.7.0   STOCK                                                             05/21/2026 21:25:19 PAGE 6   

 303   1          
 304   1          while(1) {
 305   2              // Scroll sempre acontece
 306   2              scroll_addr++;
 307   2              WriteCmdLcd(0x40 | scroll_addr);
 308   2              DelayUs(100);
 309   2              
 310   2              // Jogador fixo - sempre redesenha
 311   2              Clear_Sprite(player_y, player_x, (scroll_addr - 1) & 0x3F);
 312   2              Draw_Sprite(player_y, player_x, scroll_addr);
 313   2              
 314   2              // Inimigo move a cada 'enemy_speed' frames
 315   2              if((frame_count % enemy_speed) == 0) {
 316   3                  enemy_prev_y = enemy_y;
 317   3                  enemy_y++;
 318   3                  
 319   3                  if(enemy_y >= 32) {
 320   4                      enemy_y = 0;
 321   4                  }
 322   3                  
 323   3                  Clear_Sprite(enemy_prev_y, enemy_x, scroll_addr);
 324   3              }
 325   2              
 326   2              // Sempre redesenha inimigo na posição atual
 327   2              Draw_Sprite(enemy_y, enemy_x, scroll_addr);
 328   2              
 329   2              frame_count++;
 330   2              DelayMs(50);
 331   2          }
 332   1      }
 333          
 334          // ==========================================================
 335          // VERSÃO COM INIMIGO OSCILANDO (sobe e desce)
 336          // ==========================================================
 337          void Hybrid_Scroll_OscillatingEnemy(void) {
 338   1          unsigned char scroll_addr = 0;
 339   1          char enemy_direction = 1;  // 1 = descendo, -1 = subindo
 340   1          
 341   1          // Jogador fixo (direita)
 342   1          unsigned char player_y = 12, player_x = 10;
 343   1          
 344   1          // Inimigo oscilante (esquerda)
 345   1          unsigned char enemy_y = 0, enemy_x = 1;
 346   1          unsigned char enemy_prev_y = 0;
 347   1          
 348   1          WriteCmdLcd(0x34);
 349   1          WriteCmdLcd(0x36);
 350   1          WriteCmdLcd(0x03);
 351   1          
 352   1          Draw_Sprite(player_y, player_x, scroll_addr);
 353   1          Draw_Sprite(enemy_y, enemy_x, scroll_addr);
 354   1          
 355   1          while(1) {
 356   2              scroll_addr++;
 357   2              WriteCmdLcd(0x40 | scroll_addr);
 358   2              DelayUs(100);
 359   2              
 360   2              // Jogador fixo
 361   2              Clear_Sprite(player_y, player_x, (scroll_addr - 1) & 0x3F);
 362   2              Draw_Sprite(player_y, player_x, scroll_addr);
 363   2              
 364   2              // Inimigo oscilante
C51 COMPILER V9.60.7.0   STOCK                                                             05/21/2026 21:25:19 PAGE 7   

 365   2              enemy_prev_y = enemy_y;
 366   2              
 367   2              if(enemy_direction == 1) {  // Descendo
 368   3                  enemy_y++;
 369   3                  if(enemy_y >= 28) {  // Não deixa sair totalmente
 370   4                      enemy_direction = -1;  // Começa subir
 371   4                  }
 372   3              } else {  // Subindo
 373   3                  enemy_y--;
 374   3                  if(enemy_y == 0) {
 375   4                      enemy_direction = 1;  // Começa descer
 376   4                  }
 377   3              }
 378   2              
 379   2              Clear_Sprite(enemy_prev_y, enemy_x, scroll_addr);
 380   2              Draw_Sprite(enemy_y, enemy_x, scroll_addr);
 381   2              
 382   2              DelayMs(80);
 383   2          }
 384   1      }
 385          
 386          // ==========================================================
 387          // MAIN
 388          // ==========================================================
 389          void main() {
 390   1          GLCD_Init();
 391   1          DelayMs(100);
 392   1          
 393   1          Draw_Track();
 394   1          DelayMs(500);
 395   1          
 396   1          // Escolha o modo de jogo:
 397   1          Hybrid_Scroll_Two_Sprites();        // Inimigo desce contínuo
 398   1          // Hybrid_Scroll_VariableSpeed();   // Inimigo com velocidade variável
 399   1          // Hybrid_Scroll_OscillatingEnemy(); // Inimigo sobe e desce
 400   1      }
 401          
 402          
 403          
 404          
 405          #include <reg52.h>
 406          
 407          // ==========================================================
 408          // DEFINIÇÕES DE PINOS
 409          // ==========================================================
 410          #define GlcdDataBus P3
 411          sbit RS  = P2^0;
*** ERROR C231 IN LINE 411 OF stock.c: 'RS': redefinition
 412          sbit RW  = P2^1;
*** ERROR C231 IN LINE 412 OF stock.c: 'RW': redefinition
 413          sbit EN  = P2^2;
*** ERROR C231 IN LINE 413 OF stock.c: 'EN': redefinition
 414          sbit PSB = P2^3;
*** ERROR C231 IN LINE 414 OF stock.c: 'PSB': redefinition
 415          sbit RST = P2^5;
*** ERROR C231 IN LINE 415 OF stock.c: 'RST': redefinition
 416          
 417          // ==========================================================
 418          // PROTÓTIPOS
 419          // ==========================================================
 420          void DelayUs(unsigned int us);
 421          void DelayMs(unsigned int ms);
C51 COMPILER V9.60.7.0   STOCK                                                             05/21/2026 21:25:19 PAGE 8   

 422          void WriteCmdLcd(unsigned char cmd);
 423          void WriteDataLcd(unsigned char dat);
 424          void GLCD_Init(void);
 425          void Draw_Track(void);
 426          void Draw_Sprite(unsigned char screen_y, unsigned char screen_x, unsigned char scroll_offset);
 427          void Clear_Sprite(unsigned char screen_y, unsigned char screen_x, unsigned char scroll_offset);
 428          void Test_Scroll_Direction(void);
 429          void Scroll_With_One_Sprite(void);
 430          
 431          // ==========================================================
 432          // DELAYS
 433          // ==========================================================
 434          void DelayUs(unsigned int us) {
 435   1          unsigned int i;
 436   1          while(us--) {
 437   2              for(i = 0; i < 2; i++);
 438   2          }
 439   1      }
*** ERROR C237 IN LINE 439 OF stock.c: '_DelayUs': function already has a body
 440          
 441          void DelayMs(unsigned int ms) {
 442   1          unsigned int i, j;
 443   1          for(j = 0; j < ms; j++) {
 444   2              for(i = 0; i < 114; i++);
 445   2          }
 446   1      }
*** ERROR C237 IN LINE 446 OF stock.c: '_DelayMs': function already has a body
 447          
 448          // ==========================================================
 449          // COMUNICAÇÃO
 450          // ==========================================================
 451          void WriteCmdLcd(unsigned char cmd) {
 452   1          RS = 0;
 453   1          RW = 0;
 454   1          GlcdDataBus = cmd;
 455   1          EN = 1;
 456   1          DelayUs(2);
 457   1          EN = 0;
 458   1          DelayUs(30);
 459   1      }
*** ERROR C237 IN LINE 459 OF stock.c: '_WriteCmdLcd': function already has a body
 460          
 461          void WriteDataLcd(unsigned char dat) {
 462   1          RS = 1;
 463   1          RW = 0;
 464   1          GlcdDataBus = dat;
 465   1          EN = 1;
 466   1          DelayUs(2);
 467   1          EN = 0;
 468   1          DelayUs(10);
 469   1      }
*** ERROR C237 IN LINE 469 OF stock.c: '_WriteDataLcd': function already has a body
 470          
 471          // ==========================================================
 472          // INICIALIZAÇÃO
 473          // ==========================================================
 474          void GLCD_Init() {
 475   1          PSB = 1;
 476   1          RST = 0; DelayMs(50);
 477   1          RST = 1; DelayMs(50);
 478   1          
 479   1          WriteCmdLcd(0x30); DelayMs(5);
C51 COMPILER V9.60.7.0   STOCK                                                             05/21/2026 21:25:19 PAGE 9   

 480   1          WriteCmdLcd(0x30); DelayMs(5);
 481   1          WriteCmdLcd(0x0C); DelayMs(2);
 482   1          WriteCmdLcd(0x01); DelayMs(20);
 483   1          WriteCmdLcd(0x06); DelayMs(2);
 484   1      }
*** ERROR C237 IN LINE 484 OF stock.c: 'GLCD_Init': function already has a body
 485          
 486          // ==========================================================
 487          // DESENHA PISTA
 488          // ==========================================================
 489          void Draw_Track() {
 490   1          unsigned char y;
 491   1          
 492   1          WriteCmdLcd(0x34);
 493   1          WriteCmdLcd(0x36);
 494   1          
 495   1          for(y = 0; y < 64; y++) {
 496   2              unsigned char dash_pattern = ((y % 8) < 4) ? 0xFF : 0x00;
 497   2              
 498   2              // Metade esquerda
 499   2              WriteCmdLcd(0x80 | y);
 500   2              WriteCmdLcd(0x80);
 501   2              WriteDataLcd(0xFF); WriteDataLcd(0x00);
 502   2              WriteDataLcd(0x00); WriteDataLcd(0x00);
 503   2              WriteDataLcd(0x00); WriteDataLcd(0x00);
 504   2              WriteDataLcd(dash_pattern); WriteDataLcd(dash_pattern);
 505   2              WriteDataLcd(dash_pattern); WriteDataLcd(dash_pattern);
 506   2              WriteDataLcd(0x00); WriteDataLcd(0x00);
 507   2              WriteDataLcd(0x00); WriteDataLcd(0x00);
 508   2              WriteDataLcd(0x00); WriteDataLcd(0xFF);
 509   2              
 510   2              // Metade direita
 511   2              WriteCmdLcd(0x80 | y);
 512   2              WriteCmdLcd(0x88);
 513   2              WriteDataLcd(0xFF); WriteDataLcd(0x00);
 514   2              WriteDataLcd(0x00); WriteDataLcd(0x00);
 515   2              WriteDataLcd(0x00); WriteDataLcd(0x00);
 516   2              WriteDataLcd(dash_pattern); WriteDataLcd(dash_pattern);
 517   2              WriteDataLcd(dash_pattern); WriteDataLcd(dash_pattern);
 518   2              WriteDataLcd(0x00); WriteDataLcd(0x00);
 519   2              WriteDataLcd(0x00); WriteDataLcd(0x00);
 520   2              WriteDataLcd(0x00); WriteDataLcd(0xFF);
 521   2          }
 522   1          
 523   1          WriteCmdLcd(0x30);
 524   1      }
*** ERROR C237 IN LINE 524 OF stock.c: 'Draw_Track': function already has a body
 525          
 526          // ==========================================================
 527          // SPRITE SIMPLES (SEM limpeza complexa)
 528          // ==========================================================
 529          void Draw_Sprite(unsigned char screen_y, unsigned char screen_x, unsigned char scroll_offset) {
 530   1          // CORREÇÃO: scroll_offset vai de 0-63, mas scroll register usa 0-31
 531   1          // A tela mostra GDRAM[scroll_offset] até GDRAM[scroll_offset+31]
 532   1          
 533   1          unsigned char gdram_y = (screen_y + scroll_offset) & 0x3F;  // 0-63
 534   1          
 535   1          unsigned char code car_sprite[] = {
 536   1              0x00, 0x00, 0x07, 0xE0, 0x0F, 0xF0, 0x19, 0x98,
 537   1              0x10, 0x08, 0x13, 0xC8, 0x1F, 0xF8, 0x1F, 0xF8,
 538   1              0x1F, 0xF8, 0x0F, 0xF0, 0x09, 0x90, 0x09, 0x90,
 539   1              0x09, 0x90, 0x06, 0x60, 0x00, 0x00, 0x00, 0x00
C51 COMPILER V9.60.7.0   STOCK                                                             05/21/2026 21:25:19 PAGE 10  

 540   1          };
 541   1          
 542   1          unsigned char i;
 543   1          
 544   1          WriteCmdLcd(0x34);
 545   1          WriteCmdLcd(0x36);
 546   1          
 547   1          for(i = 0; i < 16; i++) {
 548   2              unsigned char current_y = (gdram_y + i) & 0x3F;
 549   2              
 550   2              // Metade esquerda
 551   2              if(screen_x < 8) {
 552   3                  WriteCmdLcd(0x80 | current_y);
 553   3                  WriteCmdLcd(0x80 | screen_x);
 554   3                  WriteDataLcd(car_sprite[i*2]);
 555   3                  WriteDataLcd(car_sprite[i*2 + 1]);
 556   3              }
 557   2              
 558   2              // Metade direita
 559   2              if(screen_x >= 8) {
 560   3                  WriteCmdLcd(0x80 | current_y);
 561   3                  WriteCmdLcd(0x88 | (screen_x & 0x07));
 562   3                  WriteDataLcd(car_sprite[i*2]);
 563   3                  WriteDataLcd(car_sprite[i*2 + 1]);
 564   3              }
 565   2          }
 566   1          
 567   1          WriteCmdLcd(0x30);
 568   1      }
*** ERROR C237 IN LINE 568 OF stock.c: '_Draw_Sprite': function already has a body
 569          
 570          // ==========================================================
 571          // LIMPA SPRITE (versão simplificada)
 572          // ==========================================================
 573          void Clear_Sprite(unsigned char screen_y, unsigned char screen_x, unsigned char scroll_offset) {
 574   1          unsigned char gdram_y = (screen_y + scroll_offset) & 0x3F;
 575   1          unsigned char i;
 576   1          
 577   1          WriteCmdLcd(0x34);
 578   1          WriteCmdLcd(0x36);
 579   1          
 580   1          for(i = 0; i < 16; i++) {
 581   2              unsigned char current_y = (gdram_y + i) & 0x3F;
 582   2              unsigned char dash_pattern = ((current_y % 8) < 4) ? 0xFF : 0x00;
 583   2              
 584   2              // Metade esquerda
 585   2              if(screen_x < 8) {
 586   3                  WriteCmdLcd(0x80 | current_y);
 587   3                  WriteCmdLcd(0x80 | screen_x);
 588   3                  
 589   3                  // Redesenha a pista baseado na posição X
 590   3                  if(screen_x == 0 || screen_x == 8) {
 591   4                      WriteDataLcd(0xFF); WriteDataLcd(0x00);  // Borda esquerda
 592   4                  } else if(screen_x == 7 || screen_x == 15) {
 593   4                      WriteDataLcd(0x00); WriteDataLcd(0xFF);  // Borda direita
 594   4                  } else if((screen_x >= 3 && screen_x <= 4) || (screen_x >= 11 && screen_x <= 12)) {
 595   4                      WriteDataLcd(dash_pattern); WriteDataLcd(dash_pattern);  // Tracejado
 596   4                  } else {
 597   4                      WriteDataLcd(0x00); WriteDataLcd(0x00);  // Vazio
 598   4                  }
 599   3              }
 600   2              
C51 COMPILER V9.60.7.0   STOCK                                                             05/21/2026 21:25:19 PAGE 11  

 601   2              // Metade direita
 602   2              if(screen_x >= 8) {
 603   3                  WriteCmdLcd(0x80 | current_y);
 604   3                  WriteCmdLcd(0x88 | (screen_x & 0x07));
 605   3                  
 606   3                  if(screen_x == 0 || screen_x == 8) {
 607   4                      WriteDataLcd(0xFF); WriteDataLcd(0x00);
 608   4                  } else if(screen_x == 7 || screen_x == 15) {
 609   4                      WriteDataLcd(0x00); WriteDataLcd(0xFF);
 610   4                  } else if((screen_x >= 3 && screen_x <= 4) || (screen_x >= 11 && screen_x <= 12)) {
 611   4                      WriteDataLcd(dash_pattern); WriteDataLcd(dash_pattern);
 612   4                  } else {
 613   4                      WriteDataLcd(0x00); WriteDataLcd(0x00);
 614   4                  }
 615   3              }
 616   2          }
 617   1          
 618   1          WriteCmdLcd(0x30);
 619   1      }
*** ERROR C237 IN LINE 619 OF stock.c: '_Clear_Sprite': function already has a body
 620          
 621          // ==========================================================
 622          // TESTE 1: SCROLL DIRECTION (sobe ou desce?)
 623          // ==========================================================
 624          void Test_Scroll_Direction(void) {
 625   1          unsigned char scroll_val = 0;
 626   1          
 627   1          WriteCmdLcd(0x34);
 628   1          WriteCmdLcd(0x36);
 629   1          WriteCmdLcd(0x03);  // Habilita scroll
 630   1          
 631   1          while(1) {
 632   2              // Testa valores 0-31
 633   2              WriteCmdLcd(0x40 | scroll_val);
 634   2              DelayMs(200);
 635   2              
 636   2              scroll_val++;
 637   2              if(scroll_val > 31) scroll_val = 0;
 638   2          }
 639   1      }
 640          
 641          // ==========================================================
 642          // TESTE 2: UM SPRITE FIXO COM SCROLL
 643          // ==========================================================
 644          void Scroll_With_One_Sprite(void) {
 645   1          unsigned char scroll_offset = 0;   // Offset global (0-63)
 646   1          unsigned char scroll_reg;          // Valor para scroll register (0-31)
 647   1          
 648   1          // Sprite FIXO na tela
 649   1          unsigned char sprite_screen_y = 10;  // Posição Y na TELA
 650   1          unsigned char sprite_screen_x = 4;   // Posição X (lado esquerdo)
 651   1          
 652   1          WriteCmdLcd(0x34);
 653   1          WriteCmdLcd(0x36);
 654   1          WriteCmdLcd(0x03);  // Habilita scroll
 655   1          
 656   1          // Desenha sprite inicial
 657   1          Draw_Sprite(sprite_screen_y, sprite_screen_x, 0);
 658   1          
 659   1          while(1) {
 660   2              // Atualiza offset global (0-63, wrap around)
 661   2              scroll_offset++;
C51 COMPILER V9.60.7.0   STOCK                                                             05/21/2026 21:25:19 PAGE 12  

 662   2              
 663   2              // Converte para scroll register (apenas 5 bits: 0-31)
 664   2              scroll_reg = scroll_offset & 0x1F;
 665   2              
 666   2              // PASSO 1: Scroll (instantâneo)
 667   2              WriteCmdLcd(0x40 | scroll_reg);
 668   2              DelayUs(100);
 669   2              
 670   2              // PASSO 2: Limpa sprite da posição antiga
 671   2              // Usa o offset ANTERIOR para calcular onde estava na GDRAM
 672   2              Clear_Sprite(sprite_screen_y, sprite_screen_x, (scroll_offset - 1) & 0x3F);
 673   2              
 674   2              // PASSO 3: Desenha sprite na nova posição
 675   2              Draw_Sprite(sprite_screen_y, sprite_screen_x, scroll_offset & 0x3F);
 676   2              
 677   2              DelayMs(80);
 678   2          }
 679   1      }
 680          
 681          // ==========================================================
 682          // TESTE 3: SOFTWARE SCROLL (GARANTIDO)
 683          // ==========================================================
 684          void Software_Scroll_Guaranteed(void) {
 685   1          unsigned char scroll_offset = 0;
 686   1          unsigned char y;
 687   1          unsigned char sprite_y = 10, sprite_x = 4;
 688   1          
 689   1          while(1) {
 690   2              // PASSO 1: Redesenha APENAS as 32 linhas visíveis
 691   2              WriteCmdLcd(0x34);
 692   2              WriteCmdLcd(0x36);
 693   2              
 694   2              for(y = 0; y < 32; y++) {
 695   3                  unsigned char src_y = (y + scroll_offset) & 0x3F;
 696   3                  unsigned char dash_pattern = ((src_y % 8) < 4) ? 0xFF : 0x00;
 697   3                  
 698   3                  // Metade esquerda
 699   3                  WriteCmdLcd(0x80 | y);
 700   3                  WriteCmdLcd(0x80);
 701   3                  WriteDataLcd(0xFF); WriteDataLcd(0x00);
 702   3                  WriteDataLcd(0x00); WriteDataLcd(0x00);
 703   3                  WriteDataLcd(0x00); WriteDataLcd(0x00);
 704   3                  WriteDataLcd(dash_pattern); WriteDataLcd(dash_pattern);
 705   3                  WriteDataLcd(dash_pattern); WriteDataLcd(dash_pattern);
 706   3                  WriteDataLcd(0x00); WriteDataLcd(0x00);
 707   3                  WriteDataLcd(0x00); WriteDataLcd(0x00);
 708   3                  WriteDataLcd(0x00); WriteDataLcd(0xFF);
 709   3                  
 710   3                  // Metade direita
 711   3                  WriteCmdLcd(0x80 | y);
 712   3                  WriteCmdLcd(0x88);
 713   3                  WriteDataLcd(0xFF); WriteDataLcd(0x00);
 714   3                  WriteDataLcd(0x00); WriteDataLcd(0x00);
 715   3                  WriteDataLcd(0x00); WriteDataLcd(0x00);
 716   3                  WriteDataLcd(dash_pattern); WriteDataLcd(dash_pattern);
 717   3                  WriteDataLcd(dash_pattern); WriteDataLcd(dash_pattern);
 718   3                  WriteDataLcd(0x00); WriteDataLcd(0x00);
 719   3                  WriteDataLcd(0x00); WriteDataLcd(0x00);
 720   3                  WriteDataLcd(0x00); WriteDataLcd(0xFF);
 721   3              }
 722   2              
 723   2              WriteCmdLcd(0x30);
C51 COMPILER V9.60.7.0   STOCK                                                             05/21/2026 21:25:19 PAGE 13  

 724   2              
 725   2              // PASSO 2: Desenha sprite (agora usa coordenadas da TELA)
 726   2              Draw_Sprite(sprite_y, sprite_x, scroll_offset);
 727   2              
 728   2              // PASSO 3: Avança offset
 729   2              scroll_offset++;
 730   2              DelayMs(50);
 731   2          }
 732   1      }
 733          
 734          // ==========================================================
 735          // MAIN
 736          // ==========================================================
 737          void main() {
 738   1          GLCD_Init();
 739   1          DelayMs(100);
 740   1          
 741   1          Draw_Track();
 742   1          DelayMs(500);
 743   1          
 744   1          // TESTES (execute um de cada vez):
 745   1          // Test_Scroll_Direction();       // Teste 1: Vê se scroll sobe ou desce
 746   1          Scroll_With_One_Sprite();         // Teste 2: Hardware scroll + 1 sprite
 747   1          // Software_Scroll_Guaranteed();  // Teste 3: Software scroll garantido
 748   1      }
*** ERROR C237 IN LINE 748 OF stock.c: 'main': function already has a body
 749          
 750          
 751          
 752          
 753          
 754          
 755          
 756          
 757          
 758          
 759          
 760          
 761          
 762          
 763          
 764          
 765          
 766          #include <reg52.h>
 767          
 768          // ==========================================================
 769          // DEFINIÇÕES DE PINOS
 770          // ==========================================================
 771          #define GlcdDataBus P3
 772          sbit RS  = P2^0;
*** ERROR C231 IN LINE 772 OF stock.c: 'RS': redefinition
 773          sbit RW  = P2^1;
*** ERROR C231 IN LINE 773 OF stock.c: 'RW': redefinition
 774          sbit EN  = P2^2;
*** ERROR C231 IN LINE 774 OF stock.c: 'EN': redefinition
 775          sbit PSB = P2^3;
*** ERROR C231 IN LINE 775 OF stock.c: 'PSB': redefinition
 776          sbit RST = P2^5;
*** ERROR C231 IN LINE 776 OF stock.c: 'RST': redefinition
 777          
 778          // ==========================================================
 779          // PROTÓTIPOS
C51 COMPILER V9.60.7.0   STOCK                                                             05/21/2026 21:25:19 PAGE 14  

 780          // ==========================================================
 781          void DelayUs(unsigned int us);
 782          void DelayMs(unsigned int ms);
 783          void WriteCmdLcd(unsigned char cmd);
 784          void WriteDataLcd(unsigned char dat);
 785          void GLCD_Init(void);
 786          void Draw_Track(void);
 787          void Draw_Sprite(unsigned char screen_y, unsigned char screen_x, unsigned char scroll_offset);
 788          void Hybrid_Scroll_Two_Sprites(void);
 789          
 790          // ==========================================================
 791          // DELAYS
 792          // ==========================================================
 793          void DelayUs(unsigned int us) {
 794   1          unsigned int i;
 795   1          while(us--) {
 796   2              for(i = 0; i < 2; i++);
 797   2          }
 798   1      }
*** ERROR C237 IN LINE 798 OF stock.c: '_DelayUs': function already has a body
 799          
 800          void DelayMs(unsigned int ms) {
 801   1          unsigned int i, j;
 802   1          for(j = 0; j < ms; j++) {
 803   2              for(i = 0; i < 114; i++);
 804   2          }
 805   1      }
*** ERROR C237 IN LINE 805 OF stock.c: '_DelayMs': function already has a body
 806          
 807          // ==========================================================
 808          // COMUNICAÇÃO RÁPIDA
 809          // ==========================================================
 810          void WriteCmdLcd(unsigned char cmd) {
 811   1          RS = 0;
 812   1          RW = 0;
 813   1          GlcdDataBus = cmd;
 814   1          EN = 1;
 815   1          DelayUs(2);
 816   1          EN = 0;
 817   1          DelayUs(30);
 818   1      }
*** ERROR C237 IN LINE 818 OF stock.c: '_WriteCmdLcd': function already has a body
 819          
 820          void WriteDataLcd(unsigned char dat) {
 821   1          RS = 1;
 822   1          RW = 0;
 823   1          GlcdDataBus = dat;
 824   1          EN = 1;
 825   1          DelayUs(2);
 826   1          EN = 0;
 827   1          DelayUs(10);
 828   1      }
*** ERROR C237 IN LINE 828 OF stock.c: '_WriteDataLcd': function already has a body
 829          
 830          // ==========================================================
 831          // INICIALIZAÇÃO
 832          // ==========================================================
 833          void GLCD_Init() {
 834   1          PSB = 1;
 835   1          RST = 0; DelayMs(50);
 836   1          RST = 1; DelayMs(50);
 837   1          
C51 COMPILER V9.60.7.0   STOCK                                                             05/21/2026 21:25:19 PAGE 15  

 838   1          WriteCmdLcd(0x30); DelayMs(5);
 839   1          WriteCmdLcd(0x30); DelayMs(5);
 840   1          WriteCmdLcd(0x0C); DelayMs(2);
 841   1          WriteCmdLcd(0x01); DelayMs(20);
 842   1          WriteCmdLcd(0x06); DelayMs(2);
 843   1      }
*** ERROR C237 IN LINE 843 OF stock.c: 'GLCD_Init': function already has a body
 844          
 845          // ==========================================================
 846          // DESENHA PISTA NA GDRAM
 847          // ==========================================================
 848          void Draw_Track() {
 849   1          unsigned char y;
 850   1          
 851   1          WriteCmdLcd(0x34);
 852   1          WriteCmdLcd(0x36);
 853   1          
 854   1          for(y = 0; y < 64; y++) {
 855   2              unsigned char dash_pattern = ((y % 8) < 4) ? 0xFF : 0x00;
 856   2              
 857   2              // Metade esquerda
 858   2              WriteCmdLcd(0x80 | y);
 859   2              WriteCmdLcd(0x80);
 860   2              WriteDataLcd(0xFF); WriteDataLcd(0x00);  // X=0
 861   2              WriteDataLcd(0x00); WriteDataLcd(0x00);  // X=1
 862   2              WriteDataLcd(0x00); WriteDataLcd(0x00);  // X=2
 863   2              WriteDataLcd(dash_pattern); WriteDataLcd(dash_pattern);  // X=3
 864   2              WriteDataLcd(dash_pattern); WriteDataLcd(dash_pattern);  // X=4
 865   2              WriteDataLcd(0x00); WriteDataLcd(0x00);  // X=5
 866   2              WriteDataLcd(0x00); WriteDataLcd(0x00);  // X=6
 867   2              WriteDataLcd(0x00); WriteDataLcd(0xFF);  // X=7
 868   2              
 869   2              // Metade direita
 870   2              WriteCmdLcd(0x80 | y);
 871   2              WriteCmdLcd(0x88);
 872   2              WriteDataLcd(0xFF); WriteDataLcd(0x00);  // X=8
 873   2              WriteDataLcd(0x00); WriteDataLcd(0x00);  // X=9
 874   2              WriteDataLcd(0x00); WriteDataLcd(0x00);  // X=10
 875   2              WriteDataLcd(dash_pattern); WriteDataLcd(dash_pattern);  // X=11
 876   2              WriteDataLcd(dash_pattern); WriteDataLcd(dash_pattern);  // X=12
 877   2              WriteDataLcd(0x00); WriteDataLcd(0x00);  // X=13
 878   2              WriteDataLcd(0x00); WriteDataLcd(0x00);  // X=14
 879   2              WriteDataLcd(0x00); WriteDataLcd(0xFF);  // X=15
 880   2          }
 881   1          
 882   1          WriteCmdLcd(0x30);
 883   1      }
*** ERROR C237 IN LINE 883 OF stock.c: 'Draw_Track': function already has a body
 884          
 885          // ==========================================================
 886          // SPRITE DO CARRO (16x16 pixels)
 887          // ==========================================================
 888          void Draw_Sprite(unsigned char screen_y, unsigned char screen_x, unsigned char scroll_offset) {
 889   1          unsigned char gdram_y = (screen_y + scroll_offset) & 0x3F;
 890   1          
 891   1          // Carro esportivo (16x16)
 892   1          unsigned char code car_sprite[] = {
 893   1              0x00, 0x00,  // Linha 0
 894   1              0x07, 0xE0,  // Linha 1:    ******
 895   1              0x0F, 0xF0,  // Linha 2:   ********
 896   1              0x19, 0x98,  // Linha 3:  **  **  **
 897   1              0x10, 0x08,  // Linha 4:  *        *
C51 COMPILER V9.60.7.0   STOCK                                                             05/21/2026 21:25:19 PAGE 16  

 898   1              0x13, 0xC8,  // Linha 5:  *  ****  *
 899   1              0x1F, 0xF8,  // Linha 6:   **********
 900   1              0x1F, 0xF8,  // Linha 7:   **********
 901   1              0x1F, 0xF8,  // Linha 8:   **********
 902   1              0x0F, 0xF0,  // Linha 9:    ********
 903   1              0x09, 0x90,  // Linha 10:   *  *  *
 904   1              0x09, 0x90,  // Linha 11:   *  *  *
 905   1              0x09, 0x90,  // Linha 12:   *  *  *
 906   1              0x06, 0x60,  // Linha 13:    **  **
 907   1              0x00, 0x00,  // Linha 14
 908   1              0x00, 0x00   // Linha 15
 909   1          };
 910   1          
 911   1          unsigned char i;
 912   1          unsigned char byte_x;
 913   1          
 914   1          WriteCmdLcd(0x34);
 915   1          WriteCmdLcd(0x36);
 916   1          
 917   1          for(i = 0; i < 16; i++) {
 918   2              unsigned char current_y = (gdram_y + i) & 0x3F;
 919   2              
 920   2              // Desenha na metade esquerda (X=0-7)
 921   2              if(screen_x < 8) {
 922   3                  byte_x = screen_x;
 923   3                  WriteCmdLcd(0x80 | current_y);
 924   3                  WriteCmdLcd(0x80 | byte_x);
 925   3                  WriteDataLcd(car_sprite[i*2]);
 926   3                  WriteDataLcd(car_sprite[i*2 + 1]);
 927   3              }
 928   2              
 929   2              // Desenha na metade direita (X=8-15)
 930   2              if(screen_x >= 8) {
 931   3                  byte_x = screen_x & 0x07;  // Converte para 0-7
 932   3                  WriteCmdLcd(0x80 | current_y);
 933   3                  WriteCmdLcd(0x88 | byte_x);  // 0x88 = 8 (metade direita)
 934   3                  WriteDataLcd(car_sprite[i*2]);
 935   3                  WriteDataLcd(car_sprite[i*2 + 1]);
 936   3              }
 937   2          }
 938   1          
 939   1          WriteCmdLcd(0x30);
 940   1      }
*** ERROR C237 IN LINE 940 OF stock.c: '_Draw_Sprite': function already has a body
 941          
 942          // ==========================================================
 943          // LIMPA SPRITE (redesenha pista por baixo)
 944          // ==========================================================
 945          void Clear_Sprite(unsigned char screen_y, unsigned char screen_x, unsigned char scroll_offset) {
 946   1          unsigned char gdram_y = (screen_y + scroll_offset) & 0x3F;
 947   1          unsigned char i, byte_x;
 948   1          
 949   1          WriteCmdLcd(0x34);
 950   1          WriteCmdLcd(0x36);
 951   1          
 952   1          for(i = 0; i < 16; i++) {
 953   2              unsigned char current_y = (gdram_y + i) & 0x3F;
 954   2              unsigned char dash_pattern = ((current_y % 8) < 4) ? 0xFF : 0x00;
 955   2              
 956   2              // Metade esquerda
 957   2              if(screen_x < 8) {
 958   3                  byte_x = screen_x;
C51 COMPILER V9.60.7.0   STOCK                                                             05/21/2026 21:25:19 PAGE 17  

 959   3                  WriteCmdLcd(0x80 | current_y);
 960   3                  WriteCmdLcd(0x80 | byte_x);
 961   3                  
 962   3                  // Redesenha a pista normal
 963   3                  if(byte_x == 0) {
 964   4                      WriteDataLcd(0xFF); WriteDataLcd(0x00);  // Borda
 965   4                  } else if(byte_x >= 3 && byte_x <= 4) {
 966   4                      WriteDataLcd(dash_pattern); WriteDataLcd(dash_pattern);  // Tracejado
 967   4                  } else {
 968   4                      WriteDataLcd(0x00); WriteDataLcd(0x00);  // Vazio
 969   4                  }
 970   3              }
 971   2              
 972   2              // Metade direita
 973   2              if(screen_x >= 8) {
 974   3                  byte_x = screen_x & 0x07;
 975   3                  WriteCmdLcd(0x80 | current_y);
 976   3                  WriteCmdLcd(0x88 | byte_x);
 977   3                  
 978   3                  if(byte_x == 0) {
 979   4                      WriteDataLcd(0xFF); WriteDataLcd(0x00);  // Borda
 980   4                  } else if(byte_x >= 3 && byte_x <= 4) {
 981   4                      WriteDataLcd(dash_pattern); WriteDataLcd(dash_pattern);  // Tracejado
 982   4                  } else {
 983   4                      WriteDataLcd(0x00); WriteDataLcd(0x00);  // Vazio
 984   4                  }
 985   3              }
 986   2          }
 987   1          
 988   1          WriteCmdLcd(0x30);
 989   1      }
*** ERROR C237 IN LINE 989 OF stock.c: '_Clear_Sprite': function already has a body
 990          
 991          // ==========================================================
 992          // SCROLL HÍBRIDO COM DOIS SPRITES
 993          // ==========================================================
 994          void Hybrid_Scroll_Two_Sprites(void) {
 995   1          unsigned char scroll_addr = 0;
 996   1          unsigned char enemy_y = 0;  // Inimigo começa no topo
 997   1          
 998   1          // Jogador: FIXO na tela (lado direito, meio)
 999   1          unsigned char player_screen_y = 12;   // Posição Y fixa na tela
1000   1          unsigned char player_screen_x = 10;   // Lado direito (X=10)
1001   1          
1002   1          // Inimigo: MÓVEL descendo (lado esquerdo)
1003   1          unsigned char enemy_screen_x = 1;     // Lado esquerdo (X=1)
1004   1          unsigned char enemy_screen_y = 0;     // Posição Y atual na tela
1005   1          unsigned char enemy_prev_y = 0;       // Posição Y anterior
1006   1          
1007   1          WriteCmdLcd(0x34);
1008   1          WriteCmdLcd(0x36);
1009   1          WriteCmdLcd(0x03);  // Habilita scroll
1010   1          
1011   1          // Desenha sprites iniciais
1012   1          Draw_Sprite(player_screen_y, player_screen_x, scroll_addr);
1013   1          Draw_Sprite(enemy_screen_y, enemy_screen_x, scroll_addr);
1014   1          
1015   1          while(1) {
1016   2              // PASSO 1: Scroll (instantâneo)
1017   2              scroll_addr++;
1018   2              WriteCmdLcd(0x40 | scroll_addr);
1019   2              
C51 COMPILER V9.60.7.0   STOCK                                                             05/21/2026 21:25:19 PAGE 18  

1020   2              // PASSO 2: Pequena pausa para estabilizar
1021   2              DelayUs(100);
1022   2              
1023   2              // PASSO 3: Jogador FIXO - Limpa e redesenha na mesma posição
1024   2              Clear_Sprite(player_screen_y, player_screen_x, (scroll_addr - 1) & 0x3F);
1025   2              Draw_Sprite(player_screen_y, player_screen_x, scroll_addr);
1026   2              
1027   2              // PASSO 4: Inimigo MÓVEL - Desce um pixel
1028   2              enemy_prev_y = enemy_screen_y;
1029   2              enemy_screen_y++;
1030   2              
1031   2              // Se inimigo saiu da tela, volta ao topo
1032   2              if(enemy_screen_y >= 32) {
1033   3                  enemy_screen_y = 0;
1034   3              }
1035   2              
1036   2              // Limpa inimigo na posição antiga
1037   2              Clear_Sprite(enemy_prev_y, enemy_screen_x, scroll_addr);
1038   2              
1039   2              // Desenha inimigo na nova posição
1040   2              Draw_Sprite(enemy_screen_y, enemy_screen_x, scroll_addr);
1041   2              
1042   2              // PASSO 5: Delay para controle de velocidade
1043   2              DelayMs(80);  // Velocidade do jogo (scroll + movimento inimigo)
1044   2          }
1045   1      }
*** ERROR C237 IN LINE 1045 OF stock.c: 'Hybrid_Scroll_Two_Sprites': function already has a body
1046          
1047          // ==========================================================
1048          // VERSÃO COM INIMIGO MAIS RÁPIDO/DEVAGAR
1049          // ==========================================================
1050          void Hybrid_Scroll_VariableSpeed(void) {
1051   1          unsigned char scroll_addr = 0;
1052   1          unsigned char frame_count = 0;
1053   1          
1054   1          // Jogador fixo (direita)
1055   1          unsigned char player_y = 12, player_x = 10;
1056   1          
1057   1          // Inimigo móvel (esquerda)
1058   1          unsigned char enemy_y = 0, enemy_x = 1;
1059   1          unsigned char enemy_prev_y = 0;
1060   1          unsigned char enemy_speed = 2;  // Move a cada 2 frames
1061   1          
1062   1          WriteCmdLcd(0x34);
1063   1          WriteCmdLcd(0x36);
1064   1          WriteCmdLcd(0x03);
1065   1          
1066   1          Draw_Sprite(player_y, player_x, scroll_addr);
1067   1          Draw_Sprite(enemy_y, enemy_x, scroll_addr);
1068   1          
1069   1          while(1) {
1070   2              // Scroll sempre acontece
1071   2              scroll_addr++;
1072   2              WriteCmdLcd(0x40 | scroll_addr);
1073   2              DelayUs(100);
1074   2              
1075   2              // Jogador fixo - sempre redesenha
1076   2              Clear_Sprite(player_y, player_x, (scroll_addr - 1) & 0x3F);
1077   2              Draw_Sprite(player_y, player_x, scroll_addr);
1078   2              
1079   2              // Inimigo move a cada 'enemy_speed' frames
1080   2              if((frame_count % enemy_speed) == 0) {
C51 COMPILER V9.60.7.0   STOCK                                                             05/21/2026 21:25:19 PAGE 19  

1081   3                  enemy_prev_y = enemy_y;
1082   3                  enemy_y++;
1083   3                  
1084   3                  if(enemy_y >= 32) {
1085   4                      enemy_y = 0;
1086   4                  }
1087   3                  
1088   3                  Clear_Sprite(enemy_prev_y, enemy_x, scroll_addr);
1089   3              }
1090   2              
1091   2              // Sempre redesenha inimigo na posição atual
1092   2              Draw_Sprite(enemy_y, enemy_x, scroll_addr);
1093   2              
1094   2              frame_count++;
1095   2              DelayMs(50);
1096   2          }
1097   1      }
*** ERROR C237 IN LINE 1097 OF stock.c: 'Hybrid_Scroll_VariableSpeed': function already has a body
1098          
1099          // ==========================================================
1100          // VERSÃO COM INIMIGO OSCILANDO (sobe e desce)
1101          // ==========================================================
1102          void Hybrid_Scroll_OscillatingEnemy(void) {
1103   1          unsigned char scroll_addr = 0;
1104   1          char enemy_direction = 1;  // 1 = descendo, -1 = subindo
1105   1          
1106   1          // Jogador fixo (direita)
1107   1          unsigned char player_y = 12, player_x = 10;
1108   1          
1109   1          // Inimigo oscilante (esquerda)
1110   1          unsigned char enemy_y = 0, enemy_x = 1;
1111   1          unsigned char enemy_prev_y = 0;
1112   1          
1113   1          WriteCmdLcd(0x34);
1114   1          WriteCmdLcd(0x36);
1115   1          WriteCmdLcd(0x03);
1116   1          
1117   1          Draw_Sprite(player_y, player_x, scroll_addr);
1118   1          Draw_Sprite(enemy_y, enemy_x, scroll_addr);
1119   1          
1120   1          while(1) {
1121   2              scroll_addr++;
1122   2              WriteCmdLcd(0x40 | scroll_addr);
1123   2              DelayUs(100);
1124   2              
1125   2              // Jogador fixo
1126   2              Clear_Sprite(player_y, player_x, (scroll_addr - 1) & 0x3F);
1127   2              Draw_Sprite(player_y, player_x, scroll_addr);
1128   2              
1129   2              // Inimigo oscilante
1130   2              enemy_prev_y = enemy_y;
1131   2              
1132   2              if(enemy_direction == 1) {  // Descendo
1133   3                  enemy_y++;
1134   3                  if(enemy_y >= 28) {  // Não deixa sair totalmente
1135   4                      enemy_direction = -1;  // Começa subir
1136   4                  }
1137   3              } else {  // Subindo
1138   3                  enemy_y--;
1139   3                  if(enemy_y == 0) {
1140   4                      enemy_direction = 1;  // Começa descer
1141   4                  }
C51 COMPILER V9.60.7.0   STOCK                                                             05/21/2026 21:25:19 PAGE 20  

1142   3              }
1143   2              
1144   2              Clear_Sprite(enemy_prev_y, enemy_x, scroll_addr);
1145   2              Draw_Sprite(enemy_y, enemy_x, scroll_addr);
1146   2              
1147   2              DelayMs(80);
1148   2          }
1149   1      }
*** ERROR C237 IN LINE 1149 OF stock.c: 'Hybrid_Scroll_OscillatingEnemy': function already has a body
1150          
1151          // ==========================================================
1152          // MAIN
1153          // ==========================================================
1154          void main() {
1155   1          GLCD_Init();
1156   1          DelayMs(100);
1157   1          
1158   1          Draw_Track();
1159   1          DelayMs(500);
1160   1          
1161   1          // Escolha o modo de jogo:
1162   1          Hybrid_Scroll_Two_Sprites();        // Inimigo desce contínuo
1163   1          // Hybrid_Scroll_VariableSpeed();   // Inimigo com velocidade variável
1164   1          // Hybrid_Scroll_OscillatingEnemy(); // Inimigo sobe e desce
1165   1      } 
*** ERROR C237 IN LINE 1165 OF stock.c: 'main': function already has a body
1166          
1167          
1168          

C51 COMPILATION COMPLETE.  0 WARNING(S),  31 ERROR(S)
