BL51 BANKED LINKER/LOCATER V6.22.4.0                                                    06/05/2026  22:25:59  PAGE 1


BL51 BANKED LINKER/LOCATER V6.22.4.0, INVOKED BY:
C:\KEIL_V5\C51\BIN\BL51.EXE .\Objects\rex-glcd.obj TO .\Objects\rex-glcd PRINT (.\Listings\rex-glcd.m51) RAMSIZE (256) C
>> ODE (0X0000-0X1FFF)


MEMORY MODEL: SMALL


INPUT MODULES INCLUDED:
  .\Objects\rex-glcd.obj (REX_GLCD)
  C:\KEIL_V5\C51\LIB\C51S.LIB (?C_STARTUP)
  C:\KEIL_V5\C51\LIB\C51S.LIB (?C?CLDOPTR)
  C:\KEIL_V5\C51\LIB\C51S.LIB (?C_INIT)


LINK MAP OF MODULE:  .\Objects\rex-glcd (REX_GLCD)


            TYPE    BASE      LENGTH    RELOCATION   SEGMENT NAME
            -----------------------------------------------------

            * * * * * * *   D A T A   M E M O R Y   * * * * * * *
            REG     0000H     0008H     ABSOLUTE     "REG BANK 0"
            DATA    0008H     002DH     UNIT         ?DT?REX_GLCD
            DATA    0035H     000AH     UNIT         _DATA_GROUP_
            IDATA   003FH     0001H     UNIT         ?STACK

            * * * * * * *   C O D E   M E M O R Y   * * * * * * *
            CODE    0000H     0003H     ABSOLUTE     
                    0003H     07FDH                  *** GAP ***
            CODE    0800H     00E2H     UNIT         ?PR?DRAW_SCENE?REX_GLCD
            CODE    08E2H     00D2H     UNIT         ?CO?REX_GLCD
            CODE    09B4H     00C4H     UNIT         ?PR?GAME_TICK?REX_GLCD
            CODE    0A78H     008CH     UNIT         ?C_C51STARTUP
            CODE    0B04H     006DH     UNIT         ?PR?CHECK_COLLISION?REX_GLCD
            CODE    0B71H     0067H     UNIT         ?PR?_DRAW_BMP?REX_GLCD
            CODE    0BD8H     0060H     UNIT         ?PR?MAIN?REX_GLCD
            CODE    0C38H     0054H     UNIT         ?PR?_GLCD_WRITE_LINE?REX_GLCD
            CODE    0C8CH     0053H     UNIT         ?PR?_DRAW_SCORE?REX_GLCD
            CODE    0CDFH     003DH     UNIT         ?PR?ADD_SCORE?REX_GLCD
            CODE    0D1CH     0032H     UNIT         ?PR?GLCD_INIT?REX_GLCD
            CODE    0D4EH     0032H     UNIT         ?PR?GAME_INIT?REX_GLCD
            CODE    0D80H     0030H     UNIT         ?PR?DRAW_START_SCREEN?REX_GLCD
            CODE    0DB0H     0030H     UNIT         ?PR?SPAWN_OBSTACLE?REX_GLCD
            CODE    0DE0H     002DH     UNIT         ?C?LIB_CODE
            CODE    0E0DH     0022H     UNIT         ?PR?SCANKEYNONBLOCK?REX_GLCD
            CODE    0E2FH     0020H     UNIT         ?PR?_DELAY_MS?REX_GLCD
            CODE    0E4FH     001CH     UNIT         ?PR?MY_RAND?REX_GLCD
            CODE    0E6BH     001BH     UNIT         ?PR?_SET_PX?REX_GLCD
            CODE    0E86H     0010H     UNIT         ?PR?_GLCD_CMD?REX_GLCD
            CODE    0E96H     0010H     UNIT         ?PR?_GLCD_DATA?REX_GLCD
            CODE    0EA6H     000CH     UNIT         ?PR?GLCD_ENABLE?REX_GLCD
            CODE    0EB2H     000BH     UNIT         ?PR?_DELAY_US?REX_GLCD
            CODE    0EBDH     0007H     UNIT         ?C_INITSEG



OVERLAY MAP OF MODULE:   .\Objects\rex-glcd (REX_GLCD)
BL51 BANKED LINKER/LOCATER V6.22.4.0                                                  06/05/2026  22:25:59  PAGE 2




SEGMENT                                  DATA_GROUP 
  +--> CALLED SEGMENT                  START    LENGTH
------------------------------------------------------
?C_C51STARTUP                          -----    -----
  +--> ?PR?MAIN?REX_GLCD
  +--> ?C_INITSEG

?PR?MAIN?REX_GLCD                      0035H    0001H
  +--> ?PR?GLCD_INIT?REX_GLCD
  +--> ?PR?DRAW_START_SCREEN?REX_GLCD
  +--> ?PR?SCANKEYNONBLOCK?REX_GLCD
  +--> ?PR?GAME_INIT?REX_GLCD
  +--> ?PR?DRAW_SCENE?REX_GLCD
  +--> ?PR?_DELAY_MS?REX_GLCD
  +--> ?PR?GAME_TICK?REX_GLCD

?PR?GLCD_INIT?REX_GLCD                 -----    -----
  +--> ?PR?_DELAY_MS?REX_GLCD
  +--> ?PR?_GLCD_CMD?REX_GLCD

?PR?_GLCD_CMD?REX_GLCD                 -----    -----
  +--> ?PR?GLCD_ENABLE?REX_GLCD
  +--> ?PR?_DELAY_US?REX_GLCD

?PR?GLCD_ENABLE?REX_GLCD               -----    -----
  +--> ?PR?_DELAY_US?REX_GLCD

?PR?DRAW_START_SCREEN?REX_GLCD         0036H    0001H
  +--> ?CO?REX_GLCD
  +--> ?PR?_DRAW_BMP?REX_GLCD
  +--> ?PR?_GLCD_WRITE_LINE?REX_GLCD

?PR?_DRAW_BMP?REX_GLCD                 0038H    0007H
  +--> ?CO?REX_GLCD
  +--> ?PR?_SET_PX?REX_GLCD

?PR?_SET_PX?REX_GLCD                   -----    -----
  +--> ?CO?REX_GLCD

?PR?_GLCD_WRITE_LINE?REX_GLCD          0038H    0003H
  +--> ?PR?_GLCD_CMD?REX_GLCD
  +--> ?PR?_GLCD_DATA?REX_GLCD

?PR?_GLCD_DATA?REX_GLCD                -----    -----
  +--> ?PR?GLCD_ENABLE?REX_GLCD
  +--> ?PR?_DELAY_US?REX_GLCD

?PR?DRAW_SCENE?REX_GLCD                0036H    0002H
  +--> ?CO?REX_GLCD
  +--> ?PR?_DRAW_BMP?REX_GLCD
  +--> ?PR?_DRAW_SCORE?REX_GLCD
  +--> ?PR?_GLCD_WRITE_LINE?REX_GLCD

?PR?_DRAW_SCORE?REX_GLCD               -----    -----
  +--> ?CO?REX_GLCD
BL51 BANKED LINKER/LOCATER V6.22.4.0                                                  06/05/2026  22:25:59  PAGE 3


  +--> ?PR?_SET_PX?REX_GLCD

?PR?GAME_TICK?REX_GLCD                 -----    -----
  +--> ?PR?MY_RAND?REX_GLCD
  +--> ?PR?SPAWN_OBSTACLE?REX_GLCD
  +--> ?PR?ADD_SCORE?REX_GLCD
  +--> ?PR?CHECK_COLLISION?REX_GLCD
  +--> ?PR?DRAW_SCENE?REX_GLCD

?PR?SPAWN_OBSTACLE?REX_GLCD            -----    -----
  +--> ?PR?MY_RAND?REX_GLCD

?PR?CHECK_COLLISION?REX_GLCD           0036H    0003H



SYMBOL TABLE OF MODULE:  .\Objects\rex-glcd (REX_GLCD)

  VALUE           TYPE          NAME
  ----------------------------------

  -------         MODULE        REX_GLCD
  C:0000H         SYMBOL        _ICE_DUMMY_
  D:0080H         PUBLIC        P0
  D:0090H         PUBLIC        P1
  D:00A0H         PUBLIC        P2
  D:00B0H         PUBLIC        P3
  D:00A8H         PUBLIC        IE
  B:00A0H.2       PUBLIC        EN
  D:0009H         PUBLIC        phase
  D:000AH         PUBLIC        tick_period
  C:0E6BH         PUBLIC        _set_px
  C:0E96H         PUBLIC        _glcd_data
  D:00B8H         PUBLIC        IP
  C:0982H         PUBLIC        font5x7
  C:0800H         PUBLIC        draw_scene
  B:00A0H.0       PUBLIC        RS
  C:0BD8H         PUBLIC        main
  C:0D80H         PUBLIC        draw_start_screen
  C:0912H         PUBLIC        bmp_cactus
  B:00A0H.1       PUBLIC        RW
  C:09B4H         PUBLIC        game_tick
  C:0CDFH         PUBLIC        add_score
  C:0C8CH         PUBLIC        _draw_score
  C:0E86H         PUBLIC        _glcd_cmd
  C:0D4EH         PUBLIC        game_init
  C:0D1CH         PUBLIC        glcd_init
  D:000CH         PUBLIC        jump_phase
  C:0B04H         PUBLIC        check_collision
  D:0098H         PUBLIC        SCON
  D:000DH         PUBLIC        frame_cnt
  D:0088H         PUBLIC        TCON
  C:0C3EH         PUBLIC        _glcd_write_line
  D:000EH         PUBLIC        game_over
  C:0952H         PUBLIC        bmp_cloud
  D:000FH         PUBLIC        speed_ctr
  D:0010H         PUBLIC        phase_ctr
BL51 BANKED LINKER/LOCATER V6.22.4.0                                                  06/05/2026  22:25:59  PAGE 4


  C:0932H         PUBLIC        bmp_bird
  D:0011H         PUBLIC        obs
  D:001DH         PUBLIC        line_buf
  D:002DH         PUBLIC        dino_jump
  D:002EH         PUBLIC        rng_seed
  C:08F2H         PUBLIC        bmp_dino
  C:0B71H         PUBLIC        _draw_bmp
  C:0E2FH         PUBLIC        _delay_ms
  C:0EB2H         PUBLIC        _delay_us
  C:0DB0H         PUBLIC        spawn_obstacle
  B:00A0H.3       PUBLIC        PSB
  C:0EA6H         PUBLIC        glcd_enable
  D:00C8H         PUBLIC        T2CON
  C:08EAH         PUBLIC        bit_shl
  C:0E0DH         PUBLIC        scanKeyNonBlock
  C:0E4FH         PUBLIC        my_rand
  C:08E2H         PUBLIC        bit_shr
  D:002FH         PUBLIC        cloud_x
  D:0030H         PUBLIC        placar
  B:00A0H.5       PUBLIC        RST
  D:00D0H         PUBLIC        PSW
  -------         PROC          _SET_PX
  D:0007H         SYMBOL        px
  C:0E6BH         LINE#         27
  C:0E6BH         LINE#         28
  C:0E85H         LINE#         29
  -------         ENDPROC       _SET_PX
  -------         PROC          MY_RAND
  C:0E4FH         LINE#         32
  C:0E4FH         LINE#         33
  C:0E58H         LINE#         34
  C:0E60H         LINE#         35
  C:0E68H         LINE#         36
  C:0E6AH         LINE#         37
  -------         ENDPROC       MY_RAND
  -------         PROC          _DELAY_US
  D:0006H         SYMBOL        us
  C:0EB2H         LINE#         108
  C:0EB2H         LINE#         109
  C:0EBCH         LINE#         110
  C:0EBCH         LINE#         111
  -------         ENDPROC       _DELAY_US
  -------         PROC          _DELAY_MS
  D:0006H         SYMBOL        ms
  -------         DO            
  D:0004H         SYMBOL        i
  D:0002H         SYMBOL        j
  -------         ENDDO         
  C:0E2FH         LINE#         113
  C:0E2FH         LINE#         115
  C:0E39H         LINE#         116
  C:0E4EH         LINE#         117
  -------         ENDPROC       _DELAY_MS
  -------         PROC          SCANKEYNONBLOCK
  -------         DO            
  D:0008H         SYMBOL        last_P0
  D:0007H         SYMBOL        key
BL51 BANKED LINKER/LOCATER V6.22.4.0                                                  06/05/2026  22:25:59  PAGE 5


  D:0006H         SYMBOL        curr_P0
  -------         ENDDO         
  C:0E0DH         LINE#         123
  C:0E0DH         LINE#         125
  C:0E0FH         LINE#         128
  C:0E12H         LINE#         129
  C:0E14H         LINE#         131
  C:0E21H         LINE#         132
  C:0E2CH         LINE#         134
  C:0E2EH         LINE#         135
  C:0E2EH         LINE#         136
  -------         ENDPROC       SCANKEYNONBLOCK
  -------         PROC          GLCD_ENABLE
  C:0EA6H         LINE#         138
  C:0EA6H         LINE#         139
  C:0EA8H         LINE#         140
  C:0EAFH         LINE#         141
  C:0EB1H         LINE#         142
  -------         ENDPROC       GLCD_ENABLE
  -------         PROC          _GLCD_CMD
  D:0007H         SYMBOL        cmd
  C:0E86H         LINE#         144
  C:0E86H         LINE#         145
  C:0E8CH         LINE#         146
  C:0E8FH         LINE#         147
  -------         ENDPROC       _GLCD_CMD
  -------         PROC          _GLCD_DATA
  D:0007H         SYMBOL        dat
  C:0E96H         LINE#         150
  C:0E96H         LINE#         151
  C:0E9CH         LINE#         152
  C:0E9FH         LINE#         153
  -------         ENDPROC       _GLCD_DATA
  -------         PROC          GLCD_INIT
  C:0D1CH         LINE#         160
  C:0D1CH         LINE#         161
  C:0D1EH         LINE#         162
  C:0D27H         LINE#         163
  C:0D2EH         LINE#         164
  C:0D33H         LINE#         165
  C:0D38H         LINE#         166
  C:0D44H         LINE#         167
  C:0D49H         LINE#         168
  -------         ENDPROC       GLCD_INIT
  -------         PROC          L?0150
  -------         ENDPROC       L?0150
  -------         PROC          _GLCD_WRITE_LINE
  D:0005H         SYMBOL        y
  D:0038H         SYMBOL        buf
  -------         DO            
  D:0005H         SYMBOL        x
  -------         ENDDO         
  C:0C3EH         LINE#         171
  C:0C46H         LINE#         173
  C:0C57H         LINE#         174
  C:0C64H         LINE#         176
  C:0C66H         LINE#         177
BL51 BANKED LINKER/LOCATER V6.22.4.0                                                  06/05/2026  22:25:59  PAGE 6


  C:0C7BH         LINE#         178
  C:0C87H         LINE#         179
  C:0C8BH         LINE#         180
  -------         ENDPROC       _GLCD_WRITE_LINE
  -------         PROC          _DRAW_BMP
  D:0001H         SYMBOL        x
  D:0005H         SYMBOL        y_curr
  D:0003H         SYMBOL        obj_y
  D:003BH         SYMBOL        bmp
  D:003DH         SYMBOL        w_bytes
  D:003EH         SYMBOL        h
  -------         DO            
  D:0005H         SYMBOL        row
  D:0004H         SYMBOL        col
  D:0002H         SYMBOL        b
  D:0003H         SYMBOL        bmp_data
  D:0007H         SYMBOL        px
  -------         ENDDO         
  C:0B71H         LINE#         182
  C:0B73H         LINE#         185
  C:0B8BH         LINE#         186
  C:0B8FH         LINE#         187
  C:0B97H         LINE#         188
  C:0BB8H         LINE#         189
  C:0BBAH         LINE#         190
  C:0BBCH         LINE#         191
  C:0BC4H         LINE#         192
  C:0BCDH         LINE#         193
  C:0BD0H         LINE#         194
  C:0BD0H         LINE#         195
  C:0BD4H         LINE#         196
  C:0BD7H         LINE#         197
  C:0BD7H         LINE#         198
  -------         ENDPROC       _DRAW_BMP
  -------         PROC          _DRAW_SCORE
  D:0007H         SYMBOL        y
  -------         DO            
  D:0005H         SYMBOL        row
  D:0004H         SYMBOL        i
  D:0002H         SYMBOL        col
  D:0007H         SYMBOL        px
  D:0003H         SYMBOL        start_x
  -------         ENDDO         
  C:0C8CH         LINE#         204
  C:0C8CH         LINE#         207
  C:0C97H         LINE#         208
  C:0C9BH         LINE#         209
  C:0C9DH         LINE#         210
  C:0CA5H         LINE#         211
  C:0CA7H         LINE#         212
  C:0CD0H         LINE#         213
  C:0CD3H         LINE#         214
  C:0CD6H         LINE#         215
  C:0CD6H         LINE#         216
  C:0CDAH         LINE#         217
  C:0CDEH         LINE#         218
  C:0CDEH         LINE#         219
BL51 BANKED LINKER/LOCATER V6.22.4.0                                                  06/05/2026  22:25:59  PAGE 7


  -------         ENDPROC       _DRAW_SCORE
  -------         PROC          DRAW_SCENE
  -------         DO            
  D:0036H         SYMBOL        y
  D:0037H         SYMBOL        i
  -------         ENDDO         
  C:0800H         LINE#         221
  C:0800H         LINE#         224
  C:0803H         LINE#         225
  C:0814H         LINE#         227
  C:0829H         LINE#         229
  C:0834H         LINE#         230
  C:0845H         LINE#         231
  C:0845H         LINE#         233
  C:084AH         LINE#         235
  C:084DH         LINE#         236
  C:0859H         LINE#         237
  C:0880H         LINE#         238
  C:089EH         LINE#         239
  C:08A7H         LINE#         241
  C:08BBH         LINE#         242
  C:08D0H         LINE#         244
  C:08D5H         LINE#         245
  C:08E1H         LINE#         246
  -------         ENDPROC       DRAW_SCENE
  -------         PROC          DRAW_START_SCREEN
  -------         DO            
  D:0036H         SYMBOL        y
  D:0007H         SYMBOL        i
  -------         ENDDO         
  C:0D80H         LINE#         248
  C:0D80H         LINE#         250
  C:0D83H         LINE#         251
  C:0D8CH         LINE#         252
  C:0DA1H         LINE#         253
  C:0DA6H         LINE#         254
  C:0DAFH         LINE#         255
  -------         ENDPROC       DRAW_START_SCREEN
  -------         PROC          CHECK_COLLISION
  -------         DO            
  D:0007H         SYMBOL        i
  D:0007H         SYMBOL        dino_y
  D:0036H         SYMBOL        dino_x1
  D:0037H         SYMBOL        dino_x2
  D:0038H         SYMBOL        dino_y1
  D:0001H         SYMBOL        dino_y2
  D:0003H         SYMBOL        obs_x1
  D:0004H         SYMBOL        obs_x2
  D:0005H         SYMBOL        obs_y1
  D:0006H         SYMBOL        obs_y2
  -------         ENDDO         
  C:0B04H         LINE#         271
  C:0B04H         LINE#         277
  C:0B0EH         LINE#         280
  C:0B11H         LINE#         281
  C:0B14H         LINE#         282
  C:0B19H         LINE#         283
BL51 BANKED LINKER/LOCATER V6.22.4.0                                                  06/05/2026  22:25:59  PAGE 8


  C:0B1DH         LINE#         285
  C:0B1FH         LINE#         286
  C:0B2AH         LINE#         289
  C:0B37H         LINE#         290
  C:0B3BH         LINE#         292
  C:0B46H         LINE#         293
  C:0B48H         LINE#         294
  C:0B4AH         LINE#         295
  C:0B4CH         LINE#         296
  C:0B4EH         LINE#         297
  C:0B50H         LINE#         298
  C:0B50H         LINE#         301
  C:0B67H         LINE#         302
  C:0B67H         LINE#         303
  C:0B6AH         LINE#         304
  C:0B6AH         LINE#         305
  C:0B6EH         LINE#         306
  C:0B70H         LINE#         307
  -------         ENDPROC       CHECK_COLLISION
  -------         PROC          SPAWN_OBSTACLE
  -------         DO            
  D:0006H         SYMBOL        i
  -------         ENDDO         
  C:0DB0H         LINE#         317
  C:0DB0H         LINE#         319
  C:0DB2H         LINE#         320
  C:0DBDH         LINE#         321
  C:0DBFH         LINE#         322
  C:0DC9H         LINE#         323
  C:0DDAH         LINE#         324
  C:0DDBH         LINE#         325
  C:0DDBH         LINE#         326
  C:0DDFH         LINE#         327
  -------         ENDPROC       SPAWN_OBSTACLE
  -------         PROC          ADD_SCORE
  C:0CDFH         LINE#         337
  C:0CDFH         LINE#         339
  C:0CE1H         LINE#         340
  C:0CEDH         LINE#         341
  C:0CF9H         LINE#         342
  C:0D05H         LINE#         343
  C:0D11H         LINE#         344
  C:0D1BH         LINE#         345
  -------         ENDPROC       ADD_SCORE
  -------         PROC          GAME_TICK
  -------         DO            
  D:0007H         SYMBOL        i
  -------         ENDDO         
  C:09B4H         LINE#         348
  C:09B4H         LINE#         352
  C:09B6H         LINE#         353
  C:09C1H         LINE#         354
  C:09DBH         LINE#         355
  C:09E6H         LINE#         356
  C:09E6H         LINE#         357
  C:09EAH         LINE#         360
  C:09F6H         LINE#         361
BL51 BANKED LINKER/LOCATER V6.22.4.0                                                  06/05/2026  22:25:59  PAGE 9


  C:09F8H         LINE#         364
  C:09FAH         LINE#         365
  C:0A13H         LINE#         366
  C:0A16H         LINE#         367
  C:0A19H         LINE#         368
  C:0A19H         LINE#         371
  C:0A1DH         LINE#         372
  C:0A1FH         LINE#         373
  C:0A2BH         LINE#         374
  C:0A2BH         LINE#         376
  C:0A2EH         LINE#         379
  C:0A46H         LINE#         382
  C:0A4FH         LINE#         383
  C:0A52H         LINE#         384
  C:0A67H         LINE#         385
  C:0A67H         LINE#         387
  C:0A70H         LINE#         388
  C:0A77H         LINE#         389
  -------         ENDPROC       GAME_TICK
  -------         PROC          GAME_INIT
  -------         DO            
  D:0007H         SYMBOL        i
  -------         ENDDO         
  C:0D4EH         LINE#         391
  C:0D4EH         LINE#         393
  C:0D57H         LINE#         395
  C:0D5DH         LINE#         396
  C:0D60H         LINE#         397
  C:0D62H         LINE#         398
  C:0D64H         LINE#         399
  C:0D66H         LINE#         400
  C:0D68H         LINE#         401
  C:0D6BH         LINE#         402
  C:0D6DH         LINE#         403
  C:0D70H         LINE#         405
  C:0D7FH         LINE#         406
  -------         ENDPROC       GAME_INIT
  -------         PROC          MAIN
  -------         DO            
  D:0082H         SYMBOL        t
  D:0035H         SYMBOL        key
  -------         ENDDO         
  C:0BD8H         LINE#         408
  C:0BD8H         LINE#         412
  C:0BDBH         LINE#         413
  C:0BDEH         LINE#         416
  C:0BDEH         LINE#         417
  C:0BE3H         LINE#         418
  C:0BE8H         LINE#         419
  C:0BE8H         LINE#         421
  C:0BEBH         LINE#         422
  C:0BEEH         LINE#         424
  C:0BEEH         LINE#         426
  C:0BF2H         LINE#         427
  C:0BF5H         LINE#         428
  C:0BF8H         LINE#         429
  C:0BF8H         LINE#         430
BL51 BANKED LINKER/LOCATER V6.22.4.0                                                  06/05/2026  22:25:59  PAGE 10


  C:0BFDH         LINE#         431
  C:0C08H         LINE#         432
  C:0C08H         LINE#         433
  C:0C08H         LINE#         436
  C:0C16H         LINE#         437
  C:0C1BH         LINE#         438
  C:0C20H         LINE#         439
  C:0C29H         LINE#         440
  C:0C29H         LINE#         441
  C:0C30H         LINE#         442
  C:0C33H         LINE#         444
  C:0C36H         LINE#         445
  -------         ENDPROC       MAIN
  -------         ENDMOD        REX_GLCD

  -------         MODULE        ?C?CLDOPTR
  C:0DE0H         PUBLIC        ?C?CLDOPTR
  -------         ENDMOD        ?C?CLDOPTR

******************************************************************************
* RESTRICTED VERSION WITH 0800H BYTE CODE SIZE LIMIT; USED: 060AH BYTE (75%) *
******************************************************************************

Program Size: data=64.0 xdata=0 code=1735
LINK/LOCATE RUN COMPLETE.  0 WARNING(S),  0 ERROR(S)
