BL51 BANKED LINKER/LOCATER V6.22.4.0                                                    05/30/2026  17:18:00  PAGE 1


BL51 BANKED LINKER/LOCATER V6.22.4.0, INVOKED BY:
C:\KEIL_V5\C51\BIN\BL51.EXE .\Objects\senha.obj TO .\Objects\senha_cofre PRINT (.\Listings\senha_cofre.m51) RAMSIZE (256
>> ) CODE (0X0000-0X1FFF)


MEMORY MODEL: SMALL


INPUT MODULES INCLUDED:
  .\Objects\senha.obj (SENHA)
  C:\KEIL_V5\C51\LIB\C51S.LIB (?C_STARTUP)
  C:\KEIL_V5\C51\LIB\C51S.LIB (?C?CLDPTR)
  C:\KEIL_V5\C51\LIB\C51S.LIB (?C?CSTPTR)
  C:\KEIL_V5\C51\LIB\C51S.LIB (?C_INIT)


LINK MAP OF MODULE:  .\Objects\senha_cofre (SENHA)


            TYPE    BASE      LENGTH    RELOCATION   SEGMENT NAME
            -----------------------------------------------------

            * * * * * * *   D A T A   M E M O R Y   * * * * * * *
            REG     0000H     0008H     ABSOLUTE     "REG BANK 0"
            DATA    0008H     0008H     UNIT         ?DT?SENHA
            DATA    0010H     0003H     UNIT         ?DT?COMPARE?SENHA
            DATA    0013H     0003H     UNIT         _DATA_GROUP_
                    0016H     000AH                  *** GAP ***
            BIT     0020H.0   0000H.2   UNIT         ?BI?SENHA
                    0020H.2   0000H.6                *** GAP ***
            IDATA   0021H     0001H     UNIT         ?STACK

            * * * * * * *   C O D E   M E M O R Y   * * * * * * *
            CODE    0000H     0003H     ABSOLUTE     
                    0003H     07FDH                  *** GAP ***
            CODE    0800H     00C3H     UNIT         ?PR?SCANKEY?SENHA
            CODE    08C3H     008CH     UNIT         ?C_C51STARTUP
            CODE    094FH     0061H     UNIT         ?PR?COMPARE?SENHA
            CODE    09B0H     002BH     UNIT         ?PR?MAIN?SENHA
            CODE    09DBH     002BH     UNIT         ?C?LIB_CODE
            CODE    0A06H     0024H     UNIT         ?PR?FUNCS?SENHA
            CODE    0A2AH     0024H     UNIT         ?CO?SENHA
            CODE    0A4EH     0023H     UNIT         ?PR?_PRINTSTRING?SENHA
            CODE    0A71H     001BH     UNIT         ?PR?ESPSOL?SENHA
            CODE    0A8CH     0019H     UNIT         ?PR?DELAY_LONGO?SENHA
            CODE    0AA5H     0016H     UNIT         ?PR?DISPC?SENHA
            CODE    0ABBH     0016H     UNIT         ?PR?ENTRYMODE?SENHA
            CODE    0AD1H     0016H     UNIT         ?PR?_SENDCHAR?SENHA
            CODE    0AE7H     0010H     UNIT         ?PR?TROCALINHA2?SENHA
            CODE    0AF7H     000CH     UNIT         ?PR?DELAY?SENHA
            CODE    0B03H     000BH     UNIT         ?PR?CLK?SENHA
            CODE    0B0EH     0009H     UNIT         ?PR?INITIAL?SENHA
            CODE    0B17H     0008H     UNIT         ?C_INITSEG



OVERLAY MAP OF MODULE:   .\Objects\senha_cofre (SENHA)

BL51 BANKED LINKER/LOCATER V6.22.4.0                                                  05/30/2026  17:18:00  PAGE 2



SEGMENT                          DATA_GROUP 
  +--> CALLED SEGMENT          START    LENGTH
----------------------------------------------
?C_C51STARTUP                  -----    -----
  +--> ?PR?MAIN?SENHA
  +--> ?C_INITSEG

?PR?MAIN?SENHA                 -----    -----
  +--> ?PR?FUNCS?SENHA
  +--> ?PR?DISPC?SENHA
  +--> ?PR?ENTRYMODE?SENHA
  +--> ?PR?INITIAL?SENHA
  +--> ?PR?SCANKEY?SENHA
  +--> ?PR?_SENDCHAR?SENHA

?PR?FUNCS?SENHA                -----    -----
  +--> ?PR?CLK?SENHA
  +--> ?PR?DELAY?SENHA

?PR?DISPC?SENHA                -----    -----
  +--> ?PR?CLK?SENHA
  +--> ?PR?DELAY?SENHA

?PR?ENTRYMODE?SENHA            -----    -----
  +--> ?PR?CLK?SENHA
  +--> ?PR?DELAY?SENHA

?PR?INITIAL?SENHA              -----    -----
  +--> ?CO?SENHA
  +--> ?PR?_PRINTSTRING?SENHA

?PR?_PRINTSTRING?SENHA         0013H    0003H
  +--> ?PR?_SENDCHAR?SENHA

?PR?_SENDCHAR?SENHA            -----    -----
  +--> ?PR?CLK?SENHA
  +--> ?PR?DELAY?SENHA

?PR?SCANKEY?SENHA              -----    -----
  +--> ?PR?ESPSOL?SENHA



SYMBOL TABLE OF MODULE:  .\Objects\senha_cofre (SENHA)

  VALUE           TYPE          NAME
  ----------------------------------

  -------         MODULE        SENHA
  C:0000H         SYMBOL        _ICE_DUMMY_
  D:0080H         PUBLIC        P0
  D:0090H         PUBLIC        P1
  D:0008H         PUBLIC        KeyBuffer
  C:0A4EH         PUBLIC        _PrintString
  C:0AD1H         PUBLIC        _SendChar
  C:0AF7H         PUBLIC        delay
BL51 BANKED LINKER/LOCATER V6.22.4.0                                                  05/30/2026  17:18:00  PAGE 3


  B:0090H.2       PUBLIC        EN
  C:0A8CH         PUBLIC        delay_longo
  D:000CH         PUBLIC        BufferPtr
  C:0ABBH         PUBLIC        EntryMode
  C:0AE7H         PUBLIC        TrocaLinha2
  B:0090H.3       PUBLIC        RS
  D:000FH         PUBLIC        KeyIndex
  C:09B0H         PUBLIC        main
  C:0A2EH         PUBLIC        intro
  C:0800H         PUBLIC        ScanKey
  D:0089H         PUBLIC        TMOD
  B:0020H.0       PUBLIC        KeyPressFlag
  C:0B09H         PUBLIC        clk
  B:0088H.5       PUBLIC        TF0
  C:094FH         PUBLIC        Compare
  D:008CH         PUBLIC        TH0
  C:0B0EH         PUBLIC        Initial
  B:0080H.4       PUBLIC        Col0
  B:0080H.5       PUBLIC        Col1
  D:008AH         PUBLIC        TL0
  B:0080H.6       PUBLIC        Col2
  B:0020H.1       PUBLIC        CorrectFlag
  C:0AA5H         PUBLIC        DispC
  B:0088H.4       PUBLIC        TR0
  C:0A71H         PUBLIC        ESPSOL
  C:0A2AH         PUBLIC        Password
  B:0080H.7       PUBLIC        Display
  C:0A06H         PUBLIC        FuncS
  C:0A35H         PUBLIC        texto1
  C:0A44H         PUBLIC        texto2
  B:0080H.3       PUBLIC        Row0
  B:0080H.2       PUBLIC        Row1
  B:0080H.1       PUBLIC        Row2
  B:0080H.0       PUBLIC        Row3
  -------         PROC          DELAY
  -------         DO            
  D:0007H         SYMBOL        r7
  -------         ENDDO         
  C:0AF7H         LINE#         50
  C:0AF7H         LINE#         51
  C:0AF9H         LINE#         52
  C:0B02H         LINE#         53
  -------         ENDPROC       DELAY
  -------         PROC          DELAY_LONGO
  -------         DO            
  D:0007H         SYMBOL        r7
  D:0006H         SYMBOL        B
  -------         ENDDO         
  C:0A8CH         LINE#         56
  C:0A8CH         LINE#         58
  C:0A8CH         LINE#         59
  C:0A8EH         LINE#         60
  C:0A97H         LINE#         61
  C:0A99H         LINE#         62
  C:0AA4H         LINE#         63
  C:0AA4H         LINE#         64
  -------         ENDPROC       DELAY_LONGO
BL51 BANKED LINKER/LOCATER V6.22.4.0                                                  05/30/2026  17:18:00  PAGE 4


  -------         PROC          L?0066
  -------         ENDPROC       L?0066
  -------         PROC          CLK
  C:0B09H         LINE#         67
  C:0B09H         LINE#         68
  C:0B0BH         LINE#         69
  C:0B0DH         LINE#         70
  -------         ENDPROC       CLK
  -------         PROC          FUNCS
  C:0A06H         LINE#         73
  C:0A06H         LINE#         74
  C:0A08H         LINE#         75
  C:0A10H         LINE#         76
  C:0A13H         LINE#         77
  C:0A16H         LINE#         79
  C:0A19H         LINE#         80
  C:0A1CH         LINE#         82
  C:0A24H         LINE#         83
  C:0A27H         LINE#         84
  -------         ENDPROC       FUNCS
  -------         PROC          DISPC
  C:0AA5H         LINE#         88
  C:0AA5H         LINE#         89
  C:0AA7H         LINE#         90
  C:0AAAH         LINE#         91
  C:0AADH         LINE#         92
  C:0AB5H         LINE#         93
  C:0AB8H         LINE#         94
  -------         ENDPROC       DISPC
  -------         PROC          ENTRYMODE
  C:0ABBH         LINE#         98
  C:0ABBH         LINE#         99
  C:0ABDH         LINE#         100
  C:0AC0H         LINE#         101
  C:0AC3H         LINE#         102
  C:0ACBH         LINE#         103
  C:0ACEH         LINE#         104
  -------         ENDPROC       ENTRYMODE
  -------         PROC          _SENDCHAR
  D:0007H         SYMBOL        c
  -------         DO            
  D:0006H         SYMBOL        temp
  -------         ENDDO         
  C:0AD1H         LINE#         108
  C:0AD1H         LINE#         112
  C:0AD6H         LINE#         113
  C:0AD7H         LINE#         114
  C:0AD7H         LINE#         115
  C:0ADAH         LINE#         118
  C:0ADFH         LINE#         119
  C:0AE1H         LINE#         120
  C:0AE1H         LINE#         121
  C:0AE4H         LINE#         122
  -------         ENDPROC       _SENDCHAR
  -------         PROC          _PRINTSTRING
  D:0013H         SYMBOL        str
  -------         DO            
BL51 BANKED LINKER/LOCATER V6.22.4.0                                                  05/30/2026  17:18:00  PAGE 5


  D:0005H         SYMBOL        c
  -------         ENDDO         
  C:0A4EH         LINE#         126
  C:0A54H         LINE#         128
  C:0A68H         LINE#         129
  C:0A6AH         LINE#         130
  C:0A6EH         LINE#         131
  C:0A70H         LINE#         132
  -------         ENDPROC       _PRINTSTRING
  -------         PROC          TROCALINHA2
  C:0AE7H         LINE#         135
  C:0AE7H         LINE#         136
  C:0AE9H         LINE#         137
  C:0AF1H         LINE#         138
  C:0AF4H         LINE#         139
  -------         ENDPROC       TROCALINHA2
  -------         PROC          ESPSOL
  C:0A71H         LINE#         143
  C:0A71H         LINE#         145
  C:0A79H         LINE#         148
  C:0A7CH         LINE#         149
  C:0A7FH         LINE#         150
  C:0A82H         LINE#         151
  C:0A84H         LINE#         152
  C:0A87H         LINE#         153
  C:0A89H         LINE#         154
  C:0A8BH         LINE#         155
  -------         ENDPROC       ESPSOL
  -------         PROC          SCANKEY
  -------         DO            
  D:0006H         SYMBOL        key
  -------         ENDDO         
  C:0800H         LINE#         158
  C:0800H         LINE#         159
  C:0802H         LINE#         161
  C:0802H         LINE#         162
  C:0804H         LINE#         165
  C:0806H         LINE#         166
  C:0808H         LINE#         167
  C:080AH         LINE#         168
  C:080CH         LINE#         169
  C:0815H         LINE#         170
  C:081EH         LINE#         171
  C:0825H         LINE#         172
  C:0827H         LINE#         173
  C:082AH         LINE#         176
  C:082CH         LINE#         177
  C:082EH         LINE#         178
  C:0830H         LINE#         179
  C:0832H         LINE#         180
  C:083BH         LINE#         181
  C:0844H         LINE#         182
  C:084BH         LINE#         183
  C:084DH         LINE#         184
  C:0850H         LINE#         187
  C:0852H         LINE#         188
  C:0854H         LINE#         189
BL51 BANKED LINKER/LOCATER V6.22.4.0                                                  05/30/2026  17:18:00  PAGE 6


  C:0856H         LINE#         190
  C:0858H         LINE#         191
  C:0861H         LINE#         192
  C:086AH         LINE#         193
  C:0871H         LINE#         194
  C:0873H         LINE#         195
  C:0876H         LINE#         198
  C:0878H         LINE#         199
  C:087AH         LINE#         200
  C:087CH         LINE#         201
  C:087EH         LINE#         202
  C:0887H         LINE#         203
  C:0890H         LINE#         204
  C:0897H         LINE#         205
  C:0899H         LINE#         206
  C:089FH         LINE#         207
  C:089FH         LINE#         210
  C:08A2H         LINE#         213
  C:08A9H         LINE#         214
  C:08B3H         LINE#         215
  C:08BEH         LINE#         216
  C:08C0H         LINE#         217
  C:08C0H         LINE#         219
  C:08C2H         LINE#         220
  -------         ENDPROC       SCANKEY
  -------         PROC          COMPARE
  -------         DO            
  D:0005H         SYMBOL        i
  D:0010H         SYMBOL        p
  -------         ENDDO         
  C:094FH         LINE#         223
  C:094FH         LINE#         225
  C:0958H         LINE#         227
  C:095AH         LINE#         228
  C:096CH         LINE#         230
  C:096FH         LINE#         231
  C:0978H         LINE#         234
  C:097BH         LINE#         235
  C:0984H         LINE#         238
  C:0987H         LINE#         239
  C:098AH         LINE#         240
  C:098DH         LINE#         241
  C:0990H         LINE#         242
  C:0993H         LINE#         244
  C:0993H         LINE#         245
  C:099EH         LINE#         246
  C:09A2H         LINE#         249
  C:09A5H         LINE#         250
  C:09AEH         LINE#         251
  -------         ENDPROC       COMPARE
  -------         PROC          INITIAL
  C:0B0EH         LINE#         255
  C:0B0EH         LINE#         256
  -------         ENDPROC       INITIAL
  -------         PROC          MAIN
  -------         DO            
  D:0005H         SYMBOL        key
BL51 BANKED LINKER/LOCATER V6.22.4.0                                                  05/30/2026  17:18:00  PAGE 7


  -------         ENDDO         
  C:09B0H         LINE#         260
  C:09B0H         LINE#         263
  C:09B2H         LINE#         264
  C:09B5H         LINE#         265
  C:09B7H         LINE#         266
  C:09C0H         LINE#         269
  C:09C3H         LINE#         270
  C:09C6H         LINE#         271
  C:09C9H         LINE#         272
  C:09CCH         LINE#         275
  C:09CCH         LINE#         276
  C:09D1H         LINE#         277
  C:09D3H         LINE#         278
  C:09D6H         LINE#         280
  C:09D9H         LINE#         281
  C:09D9H         LINE#         284
  -------         ENDPROC       MAIN
  -------         ENDMOD        SENHA

  -------         MODULE        ?C?CLDPTR
  C:09DBH         PUBLIC        ?C?CLDPTR
  -------         ENDMOD        ?C?CLDPTR

  -------         MODULE        ?C?CSTPTR
  C:09F4H         PUBLIC        ?C?CSTPTR
  -------         ENDMOD        ?C?CSTPTR

*** WARNING L16: UNCALLED SEGMENT, IGNORED FOR OVERLAY PROCESS
    SEGMENT: ?PR?COMPARE?SENHA

******************************************************************************
* RESTRICTED VERSION WITH 0800H BYTE CODE SIZE LIMIT; USED: 0267H BYTE (30%) *
******************************************************************************

Program Size: data=23.2 xdata=0 code=802
LINK/LOCATE RUN COMPLETE.  1 WARNING(S),  0 ERROR(S)
